eb ur ek do
lo lk ek ch eb ur ek ke kl ol or bi do ll ol ke kc
lkeklolorbidol
