[100, 99, 1, 2, 46, 4, 11, 25, 15, 23, 27, 56, 88, 12, 7, 34, 31, 76, 9, 33, 17, 64, 64]
