[1, 2, 48, 3, 4, 111, 5, 256, 344, 6, 343, 7, 8, 9, 128, 36]
