Size=2254884, Type=1, Channels=2, Rate=44100, Bits=16, Data size=2254848
