Well done
Well done
a: 9, b: 0, c: 3, p: 3, s: 1, t: 2
Well done
Well done
a: 9, b: 0, c: 3, p: 3, s: 1, t: 2
