there is no a
there is no abc
d: 3, i: -2, k: 7, v: 10
there is no a
there is no abc
d: 3, i: -2, k: 7, v: 10
