[11, 11, 11, 11, 11, 11, 11, 11, 11, 11, 11, 121]
