!']././;p['[p]0asbnbncvcvdfedewfrghhyjkkil;m,m,oiolqaswtgtrujuyzxzx