meow
meow
20.085536923187668
7
18.15676725487521
Super5, class10
