allo-priv-yo
7
allo-meow-qkrq
10
1077.2362044239103
Have a Good day! God bless you! 5:10
