48 * 48 = 2304 48 * 49 = 2352 48 * 50 = :=)
49 * 48 = 2352 49 * 49 = 2401 49 * 50 = 2450
50 * 48 = :=) 50 * 49 = 2450 50 * 50 = 2500
