Not a triangle
Invalid input
Invalid input
Invalid input
14.00
