Not a triangle
Invalid input
Invalid input
Invalid input
Invalid input
4.50
