30
good boy
grange(3, 5, 123456789) 3 46875 29296875
4 16 64 256 1024 4096
grange(6, 9, 19999) 6 54 486 4374
