5
9 1 7 49 343 2401 16807 117649 823543 5764801
5
Who stole the b!?
grange(1, 4, 1) grange(1, 5, 4) 1
823543
