Hello!
Hello!
Hello!
3
Bye
2
Hello!
Bye
2
Bye
Bye
