O l d   M a c D o n l d   M a c D o n a d   M a c D o n a l   M a c D o n a l d M a c D o n a l d   a c D o n a l d   h c D o n a l d   h a D o n a l d   h a d o n a l d   h a d   n a l d   h a d   a a l d   h a d   a   l d   h a d   a   f d   h a d   a   f a   h a d   a   f a r h a d   a   f a r m a d   a   f a r m 
 d   a   f a r m 
 E   a   f a r m 
 E e a   f a r m 
 E e     f a r m 
 E e   i f a r m 
 E e   i   a r m 
 E e   i   e r m 
 E e   i   e e m 
 E e   i   e e   
 E e   i   e e   i E e   i   e e   i   e   i   e e   i   o   i   e e   i   o 
 i   e e   i   o 
 A   e e   i   o 
 A n e e   i   o 
 A n d e   i   o 
 A n d     i   o 
 A n d   o i   o 
 A n d   o n   o 
 A n d   o n   o 
 A n d   o n   h 
 A n d   o n   h i A n d   o n   h i s n d   o n   h i s   d   o n   h i s   f   o n   h i s   f a o n   h i s   f a r n   h i s   f a r m   h i s   f a r m   h i s   f a r m   h i s   f a r m   h e s   f a r m   h e     f a r m   h e   h f a r m   h e   h a a r m   h e   h a d r m   h e   h a d   m   h e   h a d   s   h e   h a d   s o h e   h a d   s o m e   h a d   s o m e   h a d   s o m e   h a d   s o m e   c a d   s o m e   c o d   s o m e   c o w   s o m e   c o w s s o m e   c o w s 
 o m e   c o w s 
 E m e   c o w s 
 E e e   c o w s 
 E e     c o w s 
 E e   i c o w s 
 E e   i   o w s 
 E e   i   e w s 
 E e   i   e e s 
 E e   i   e e   
 E e   i   e e   i E e   i   e e   i   e   i   e e   i   o   i   e e   i   o h i   e e   i   o h 
   e e   i   o h 
 W e e   i   o h 
 W i e   i   o h 
 W i t   i   o h 
 W i t h i   o h 
 W i t h     o h 
 W i t h   a o h 
 W i t h   a   h 
 W i t h   a   m 
 W i t h   a   m o W i t h   a   m o o i t h   a   m o o - t h   a   m o o - m h   a   m o o - m o   a   m o o - m o o a   m o o - m o o     m o o - m o o   h m o o - m o o   h e o o - m o o   h e r o - m o o   h e r e - m o o   h e r e 
 m o o   h e r e 
 A o o   h e r e 
 A n o   h e r e 
 A n d   h e r e 
 A n d   h e r e 
 A n d   a e r e 
 A n d   a   r e 
 A n d   a   m e 
 A n d   a   m o 
 A n d   a   m o o A n d   a   m o o - n d   a   m o o - m d   a   m o o - m o   a   m o o - m o o a   m o o - m o o     m o o - m o o   t m o o - m o o   t h o o - m o o   t h e o - m o o   t h e r - m o o   t h e r e m o o   t h e r e 
 o o   t h e r e 
 H o   t h e r e 
 H e   t h e r e 
 H e r t h e r e 
 H e r e h e r e 
 H e r e   e r e 
 H e r e   a r e 
 H e r e   a   e 
 H e r e   a   m 
 H e r e   a   m o H e r e   a   m o o e r e   a   m o o , r e   a   m o o ,   e   a   m o o ,   t   a   m o o ,   t h a   m o o ,   t h e   m o o ,   t h e r m o o ,   t h e r e o o ,   t h e r e   o ,   t h e r e   a ,   t h e r e   a     t h e r e   a   m t h e r e   a   m o h e r e   a   m o o e r e   a   m o o 
 r e   a   m o o 
 E e   a   m o o 
 E v   a   m o o 
 E v e a   m o o 
 E v e r   m o o 
 E v e r y m o o 
 E v e r y w o o 
 E v e r y w h o 
 E v e r y w h e 
 E v e r y w h e r E v e r y w h e r e v e r y w h e r e   e r y w h e r e   a r y w h e r e   a   y w h e r e   a   m w h e r e   a   m o h e r e   a   m o o e r e   a   m o o - r e   a   m o o - m e   a   m o o - m o   a   m o o - m o o a   m o o - m o o   m o o - m o o m o o - m o o o o - m o o o - m o o - m o o m o o o o o
