1 1 2 3 5 8 13 1 2 3 5 8 13 21 2 3 5 8 13 21 34 3 5 8 13 21 34 55 5 8 13 21 34 55 
