7 10 19 24 102 121 156 184 191 192 535 763 10 19 24 102 121 156 184 191 192 535 763 19 24 102 121 156 184 191 192 535 763 24 102 121 156 184 191 192 535 763 102 121 156 184 191 192 535 763 121 156 184 191 192 535 763 156 184 191 192 535 763 184 191 192 535 763 191 192 535 763 192 535 763 535 763 763
