90,100,110,120
118,132,146,160
146,164,182,200
174,196,218,240
