__init__: (10,), {}
pr_pls: (), {}
Your welcome! 23
add_s: (':)',), {}
