__init__: (1, 3), {}
kwd: (1, 10), {}
1.0 0.5 0.3333333333333333 0.25 0.2 0.16666666666666666 0.14285714285714285 0.125 0.1111111111111111
__init__: (2, 10), {}
kwd: (2, 16), {'step': 3}
512.0 204.8 128.0 93.0909090909091 73.14285714285714
