__init__: (10,), {}
add: (9,), {}
47
add: (9,), {'another': 10}
47
add: (9,), {}
83
add: (9,), {'another': 10}
65
