#####
#...#
#...#
#...#
#...#
#...#
#...#
#...#
#...#
#...#
#...#
#...#
#...#
#...#
#...#
#...#
#...#
#...#
#...#
#...#
#...#
#...#
#...#
#...#
#...#
#...#
#...#
#~~~#
#~~~#
#~~~#
#~~~#
#~~~#
#~~~#
#~~~#
#~~~#
#~~~#
#~~~#
#~~~#
#~~~#
#~~~#
#~~~#
#####
.................... 78/120
~~~~~~~~~~~          42/120
