####
#..#
#..#
#..#
#..#
#..#
#..#
#..#
#..#
####
.................... 16/16
                      0/16
