0 3.0 14.0
A doesn't exist
B exists
True True False False
False False True
100
Max
