True True True False
A - малепусик
0.5 4.0 16.5
Your my friend now turutututu
B B B B B B B its B B B yo
