True False
True True
Where is C?
True False False True
4.5 0
meow
