Денег было 1000?
Потом стало 12?.
Мемная кошка сказала ?.
© Брюс Уиллис
