паровоз по рельсам мчится,
на пути котёнок спит.
паровоз оствновился
и котёнку говорит:
"ты котёнок, ты котёнок,
отойди куда нибудь!",
а котёнок отвечает:
"сам проедешь как нибудь!".
паровозик рассердился -
отдавил котёнку хвост;
а котёнок рассердился -
оцарапал паравоз!
мама кошка у окошка
пришивает сыну хвост
и котёночка ругает,
чтоб не лез под паровоз.
паровоз лежит в больнице - 
ему делают укол,
а котёнок спит на печке
с перевязанным хвостом
