«доб¶ое утро и ЄхорЅошего дня 
всем добрым и со§ответЯственно хорошим? людя¦м?
